Info: Starting: Create block symbol file (.bsf)
Info: qsys-generate C:\SeniorProject\Altera_Karaoke_DE1_Quartus_15_1_v1_3\AudioClk.qsys --block-symbol-file --output-directory=C:\SeniorProject\Altera_Karaoke_DE1_Quartus_15_1_v1_3\AudioClk --family="Cyclone V" --part=5CSEMA5F31C6
Progress: Loading Altera_Karaoke_DE1_Quartus_15_1_v1_3/AudioClk.qsys
Progress: Reading input file
Progress: Adding audio_pll_0 [altera_up_avalon_audio_pll 15.1]
Progress: Parameterizing module audio_pll_0
Progress: Building connections
Progress: Parameterizing connections
Progress: Validating
Progress: Done reading input file
Info: qsys-generate succeeded.
Info: Finished: Create block symbol file (.bsf)
Info: 
Info: Starting: Create HDL design files for synthesis
Info: qsys-generate C:\SeniorProject\Altera_Karaoke_DE1_Quartus_15_1_v1_3\AudioClk.qsys --synthesis=VERILOG --output-directory=C:\SeniorProject\Altera_Karaoke_DE1_Quartus_15_1_v1_3\AudioClk\synthesis --family="Cyclone V" --part=5CSEMA5F31C6
Progress: Loading Altera_Karaoke_DE1_Quartus_15_1_v1_3/AudioClk.qsys
Progress: Reading input file
Progress: Adding audio_pll_0 [altera_up_avalon_audio_pll 15.1]
Progress: Parameterizing module audio_pll_0
Progress: Building connections
Progress: Parameterizing connections
Progress: Validating
Progress: Done reading input file
Info: AudioClk: Generating AudioClk "AudioClk" for QUARTUS_SYNTH
Info: audio_pll_0: "AudioClk" instantiated altera_up_avalon_audio_pll "audio_pll_0"
Info: audio_pll: "audio_pll_0" instantiated altera_pll "audio_pll"
Info: reset_from_locked: "audio_pll_0" instantiated altera_up_avalon_reset_from_locked_signal "reset_from_locked"
Info: AudioClk: Done "AudioClk" with 4 modules, 5 files
Info: qsys-generate succeeded.
Info: Finished: Create HDL design files for synthesis
