Flow report for soc_system
Thu Apr 28 13:19:51 2016
Quartus Prime Version 15.1.0 Build 185 10/21/2015 SJ Lite Edition


---------------------
; Table of Contents ;
---------------------
  1. Legal Notice
  2. Flow Summary
  3. Flow Settings
  4. Flow Non-Default Global Settings
  5. Flow Elapsed Time
  6. Flow OS Summary
  7. Flow Log
  8. Flow Messages
  9. Flow Suppressed Messages



----------------
; Legal Notice ;
----------------
Copyright (C) 1991-2015 Altera Corporation. All rights reserved.
Your use of Altera Corporation's design tools, logic functions 
and other software and tools, and its AMPP partner logic 
functions, and any output files from any of the foregoing 
(including device programming or simulation files), and any 
associated documentation or information are expressly subject 
to the terms and conditions of the Altera Program License 
Subscription Agreement, the Altera Quartus Prime License Agreement,
the Altera MegaCore Function License Agreement, or other 
applicable license agreement, including, without limitation, 
that your use is for the sole purpose of programming logic 
devices manufactured by Altera and sold by Altera or its 
authorized distributors.  Please refer to the applicable 
agreement for further details.



+-------------------------------------------------------------------------------+
; Flow Summary                                                                  ;
+---------------------------------+---------------------------------------------+
; Flow Status                     ; Successful - Thu Apr 28 13:18:29 2016       ;
; Quartus Prime Version           ; 15.1.0 Build 185 10/21/2015 SJ Lite Edition ;
; Revision Name                   ; soc_system                                  ;
; Top-level Entity Name           ; Altera_Karaoke_DE1_Quartus_15_1             ;
; Family                          ; Cyclone V                                   ;
; Device                          ; 5CSEMA5F31C6                                ;
; Timing Models                   ; Final                                       ;
; Logic utilization (in ALMs)     ; 4,642 / 32,070 ( 14 % )                     ;
; Total registers                 ; 6604                                        ;
; Total pins                      ; 138 / 457 ( 30 % )                          ;
; Total virtual pins              ; 0                                           ;
; Total block memory bits         ; 735,232 / 4,065,280 ( 18 % )                ;
; Total DSP Blocks                ; 0 / 87 ( 0 % )                              ;
; Total HSSI RX PCSs              ; 0                                           ;
; Total HSSI PMA RX Deserializers ; 0                                           ;
; Total HSSI TX PCSs              ; 0                                           ;
; Total HSSI PMA TX Serializers   ; 0                                           ;
; Total PLLs                      ; 1 / 6 ( 17 % )                              ;
; Total DLLs                      ; 1 / 4 ( 25 % )                              ;
+---------------------------------+---------------------------------------------+


+-----------------------------------------+
; Flow Settings                           ;
+-------------------+---------------------+
; Option            ; Setting             ;
+-------------------+---------------------+
; Start date & time ; 04/28/2016 13:08:17 ;
; Main task         ; Compilation         ;
; Revision Name     ; soc_system          ;
+-------------------+---------------------+


+---------------------------------------------------------------------------------------------------------------------------------------------------------------------------------+
; Flow Non-Default Global Settings                                                                                                                                                ;
+---------------------------------------+--------------------------------------------------------------------------+---------------+---------------------------------+------------+
; Assignment Name                       ; Value                                                                    ; Default Value ; Entity Name                     ; Section Id ;
+---------------------------------------+--------------------------------------------------------------------------+---------------+---------------------------------+------------+
; COMPILER_SIGNATURE_ID                 ; 220083049924901.146186328805112                                          ; --            ; --                              ; --         ;
; ECO_REGENERATE_REPORT                 ; On                                                                       ; Off           ; --                              ; --         ;
; HPS_ISW_FILE                          ; soc_system/synthesis/submodules/sequencer/alt_types.pre.h                ; --            ; soc_system_hps_0_hps_io_border  ; --         ;
; HPS_ISW_FILE                          ; soc_system/synthesis/submodules/sequencer/emif.pre.xml                   ; --            ; soc_system_hps_0_hps_io_border  ; --         ;
; HPS_ISW_FILE                          ; soc_system/synthesis/submodules/sequencer/sdram_io.pre.h                 ; --            ; soc_system_hps_0_hps_io_border  ; --         ;
; HPS_ISW_FILE                          ; soc_system/synthesis/submodules/sequencer/sequencer.pre.c                ; --            ; soc_system_hps_0_hps_io_border  ; --         ;
; HPS_ISW_FILE                          ; soc_system/synthesis/submodules/sequencer/sequencer.pre.h                ; --            ; soc_system_hps_0_hps_io_border  ; --         ;
; HPS_ISW_FILE                          ; soc_system/synthesis/submodules/sequencer/sequencer_auto.pre.h           ; --            ; soc_system_hps_0_hps_io_border  ; --         ;
; HPS_ISW_FILE                          ; soc_system/synthesis/submodules/sequencer/sequencer_auto_ac_init.pre.c   ; --            ; soc_system_hps_0_hps_io_border  ; --         ;
; HPS_ISW_FILE                          ; soc_system/synthesis/submodules/sequencer/sequencer_auto_inst_init.pre.c ; --            ; soc_system_hps_0_hps_io_border  ; --         ;
; HPS_ISW_FILE                          ; soc_system/synthesis/submodules/sequencer/sequencer_defines.pre.h        ; --            ; soc_system_hps_0_hps_io_border  ; --         ;
; HPS_ISW_FILE                          ; soc_system/synthesis/submodules/sequencer/system.pre.h                   ; --            ; soc_system_hps_0_hps_io_border  ; --         ;
; HPS_ISW_FILE                          ; soc_system/synthesis/submodules/sequencer/tclrpt.pre.c                   ; --            ; soc_system_hps_0_hps_io_border  ; --         ;
; HPS_ISW_FILE                          ; soc_system/synthesis/submodules/sequencer/tclrpt.pre.h                   ; --            ; soc_system_hps_0_hps_io_border  ; --         ;
; HPS_ISW_FILE                          ; soc_system/synthesis/submodules/hps.pre.xml                              ; --            ; soc_system_hps_0_hps_io_border  ; --         ;
; HPS_PARTITION                         ; On                                                                       ; --            ; soc_system_hps_0_hps_io_border  ; --         ;
; MAX_CORE_JUNCTION_TEMP                ; 85                                                                       ; --            ; --                              ; --         ;
; MIN_CORE_JUNCTION_TEMP                ; 0                                                                        ; --            ; --                              ; --         ;
; MISC_FILE                             ; AudioConfig/synthesis/../AudioConfig.cmp                                 ; --            ; --                              ; --         ;
; MISC_FILE                             ; AudioConfig/synthesis/../../AudioConfig.qsys                             ; --            ; --                              ; --         ;
; MISC_FILE                             ; AudioClk/synthesis/../AudioClk.cmp                                       ; --            ; --                              ; --         ;
; MISC_FILE                             ; AudioClk/synthesis/../../AudioClk.qsys                                   ; --            ; --                              ; --         ;
; MISC_FILE                             ; Audio/synthesis/../Audio.cmp                                             ; --            ; --                              ; --         ;
; MISC_FILE                             ; Audio/synthesis/../../Audio.qsys                                         ; --            ; --                              ; --         ;
; MISC_FILE                             ; ip/altsource_probe/hps_reset_bb.v                                        ; --            ; --                              ; --         ;
; MISC_FILE                             ; soc_system/synthesis/../soc_system.cmp                                   ; --            ; --                              ; --         ;
; MISC_FILE                             ; soc_system/synthesis/../../C                                             ; --            ; --                              ; --         ;
; MISC_FILE                             ; soc_system/synthesis/soc_system_hps_0_hps.svd                            ; --            ; --                              ; --         ;
; MISC_FILE                             ; soc_system/synthesis/../../soc_system.qsys                               ; --            ; --                              ; --         ;
; MISC_FILE                             ; soc_system/synthesis/submodules/sequencer/alt_types.pre.h                ; --            ; --                              ; --         ;
; MISC_FILE                             ; soc_system/synthesis/submodules/sequencer/emif.pre.xml                   ; --            ; --                              ; --         ;
; MISC_FILE                             ; soc_system/synthesis/submodules/sequencer/sdram_io.pre.h                 ; --            ; --                              ; --         ;
; MISC_FILE                             ; soc_system/synthesis/submodules/sequencer/sequencer.pre.c                ; --            ; --                              ; --         ;
; MISC_FILE                             ; soc_system/synthesis/submodules/sequencer/sequencer.pre.h                ; --            ; --                              ; --         ;
; MISC_FILE                             ; soc_system/synthesis/submodules/sequencer/sequencer_auto.pre.h           ; --            ; --                              ; --         ;
; MISC_FILE                             ; soc_system/synthesis/submodules/sequencer/sequencer_auto_ac_init.pre.c   ; --            ; --                              ; --         ;
; MISC_FILE                             ; soc_system/synthesis/submodules/sequencer/sequencer_auto_inst_init.pre.c ; --            ; --                              ; --         ;
; MISC_FILE                             ; soc_system/synthesis/submodules/sequencer/sequencer_defines.pre.h        ; --            ; --                              ; --         ;
; MISC_FILE                             ; soc_system/synthesis/submodules/sequencer/system.pre.h                   ; --            ; --                              ; --         ;
; MISC_FILE                             ; soc_system/synthesis/submodules/sequencer/tclrpt.pre.c                   ; --            ; --                              ; --         ;
; MISC_FILE                             ; soc_system/synthesis/submodules/sequencer/tclrpt.pre.h                   ; --            ; --                              ; --         ;
; MISC_FILE                             ; soc_system/synthesis/submodules/hps.pre.xml                              ; --            ; --                              ; --         ;
; MISC_FILE                             ; add.bsf                                                                  ; --            ; --                              ; --         ;
; MISC_FILE                             ; add_inst.v                                                               ; --            ; --                              ; --         ;
; MISC_FILE                             ; add_bb.v                                                                 ; --            ; --                              ; --         ;
; PARTITION_COLOR                       ; 16764057                                                                 ; --            ; Altera_Karaoke_DE1_Quartus_15_1 ; Top        ;
; PARTITION_FITTER_PRESERVATION_LEVEL   ; PLACEMENT_AND_ROUTING                                                    ; --            ; Altera_Karaoke_DE1_Quartus_15_1 ; Top        ;
; PARTITION_NETLIST_TYPE                ; SOURCE                                                                   ; --            ; Altera_Karaoke_DE1_Quartus_15_1 ; Top        ;
; POWER_BOARD_THERMAL_MODEL             ; None (CONSERVATIVE)                                                      ; --            ; --                              ; --         ;
; POWER_PRESET_COOLING_SOLUTION         ; 23 MM HEAT SINK WITH 200 LFPM AIRFLOW                                    ; --            ; --                              ; --         ;
; SLD_FILE                              ; AudioConfig/synthesis/AudioConfig.debuginfo                              ; --            ; --                              ; --         ;
; SLD_FILE                              ; AudioClk/synthesis/AudioClk.debuginfo                                    ; --            ; --                              ; --         ;
; SLD_FILE                              ; Audio/synthesis/Audio.debuginfo                                          ; --            ; --                              ; --         ;
; SLD_FILE                              ; soc_system/synthesis/soc_system.regmap                                   ; --            ; --                              ; --         ;
; SLD_FILE                              ; soc_system/synthesis/soc_system.debuginfo                                ; --            ; --                              ; --         ;
; SLD_INFO                              ; QSYS_NAME Audio HAS_SOPCINFO 1 GENERATION_ID 1459054590                  ; --            ; Audio                           ; --         ;
; SLD_INFO                              ; QSYS_NAME AudioClk HAS_SOPCINFO 1 GENERATION_ID 1459646551               ; --            ; AudioClk                        ; --         ;
; SLD_INFO                              ; QSYS_NAME AudioConfig HAS_SOPCINFO 1 GENERATION_ID 1456105587            ; --            ; AudioConfig                     ; --         ;
; SLD_INFO                              ; QSYS_NAME soc_system HAS_SOPCINFO 1 GENERATION_ID 1461766286             ; --            ; --                              ; --         ;
; SOPCINFO_FILE                         ; AudioConfig/synthesis/../../AudioConfig.sopcinfo                         ; --            ; --                              ; --         ;
; SOPCINFO_FILE                         ; AudioClk/synthesis/../../AudioClk.sopcinfo                               ; --            ; --                              ; --         ;
; SOPCINFO_FILE                         ; Audio/synthesis/../../Audio.sopcinfo                                     ; --            ; --                              ; --         ;
; SOPCINFO_FILE                         ; soc_system/synthesis/../../soc_system.sopcinfo                           ; --            ; --                              ; --         ;
; SYNTHESIS_ONLY_QIP                    ; On                                                                       ; --            ; --                              ; --         ;
; SYNTHESIS_ONLY_QIP                    ; On                                                                       ; --            ; --                              ; --         ;
; SYNTHESIS_ONLY_QIP                    ; On                                                                       ; --            ; --                              ; --         ;
; SYNTHESIS_ONLY_QIP                    ; On                                                                       ; --            ; --                              ; --         ;
; TOP_LEVEL_ENTITY                      ; Altera_Karaoke_DE1_Quartus_15_1                                          ; soc_system    ; --                              ; --         ;
; USE_DLL_FREQUENCY_FOR_DQS_DELAY_CHAIN ; On                                                                       ; Off           ; --                              ; --         ;
+---------------------------------------+--------------------------------------------------------------------------+---------------+---------------------------------+------------+


+-------------------------------------------------------------------------------------------------------------------------------+
; Flow Elapsed Time                                                                                                             ;
+---------------------------+--------------+-------------------------+---------------------+------------------------------------+
; Module Name               ; Elapsed Time ; Average Processors Used ; Peak Virtual Memory ; Total CPU Time (on all processors) ;
+---------------------------+--------------+-------------------------+---------------------+------------------------------------+
; Analysis & Synthesis      ; 00:02:00     ; 2.2                     ; 1416 MB             ; 00:04:42                           ;
; Fitter                    ; 00:04:21     ; 1.3                     ; 3470 MB             ; 00:09:51                           ;
; Assembler                 ; 00:00:24     ; 1.0                     ; 1004 MB             ; 00:00:23                           ;
; TimeQuest Timing Analyzer ; 00:01:17     ; 1.8                     ; 1833 MB             ; 00:02:02                           ;
; Total                     ; 00:08:02     ; --                      ; --                  ; 00:16:58                           ;
+---------------------------+--------------+-------------------------+---------------------+------------------------------------+


+----------------------------------------------------------------------------------------+
; Flow OS Summary                                                                        ;
+---------------------------+------------------+-----------+------------+----------------+
; Module Name               ; Machine Hostname ; OS Name   ; OS Version ; Processor type ;
+---------------------------+------------------+-----------+------------+----------------+
; Analysis & Synthesis      ; Godzilla         ; Windows 7 ; 6.1        ; x86_64         ;
; Fitter                    ; Godzilla         ; Windows 7 ; 6.1        ; x86_64         ;
; Assembler                 ; Godzilla         ; Windows 7 ; 6.1        ; x86_64         ;
; TimeQuest Timing Analyzer ; Godzilla         ; Windows 7 ; 6.1        ; x86_64         ;
+---------------------------+------------------+-----------+------------+----------------+


------------
; Flow Log ;
------------
quartus_map --read_settings_files=on --write_settings_files=off soc_system -c soc_system
quartus_fit --read_settings_files=off --write_settings_files=off soc_system -c soc_system
quartus_asm --read_settings_files=off --write_settings_files=off soc_system -c soc_system
quartus_sta soc_system -c soc_system



