------------------------------------------------------------
TimeQuest Timing Analyzer Summary
------------------------------------------------------------

Type  : Slow 1100mV 85C Model Setup 'u1|audio_pll_0|audio_pll|altera_pll_i|general[0].gpll~PLL_OUTPUT_COUNTER|divclk'
Slack : -9.243
TNS   : -581.696

Type  : Slow 1100mV 85C Model Setup 'u0|pll_audio|altera_pll_i|general[0].gpll~PLL_OUTPUT_COUNTER|divclk'
Slack : -8.814
TNS   : -239.026

Type  : Slow 1100mV 85C Model Setup 'clock_50_0'
Slack : -5.290
TNS   : -623.782

Type  : Slow 1100mV 85C Model Setup 'u0|pll_sys|altera_pll_i|general[0].gpll~PLL_OUTPUT_COUNTER|divclk'
Slack : 0.477
TNS   : 0.000

Type  : Slow 1100mV 85C Model Setup 'DE1_SoC_QSYS:u0|DE1_SoC_QSYS_hps_0:hps_0|DE1_SoC_QSYS_hps_0_hps_io:hps_io|DE1_SoC_QSYS_hps_0_hps_io_border:border|hps_sdram:hps_sdram_inst|hps_sdram_pll:pll|afi_clk_write_clk'
Slack : 1.730
TNS   : 0.000

Type  : Slow 1100mV 85C Model Setup 'u0|pll_sys|altera_pll_i|general[2].gpll~PLL_OUTPUT_COUNTER|divclk'
Slack : 4.065
TNS   : 0.000

Type  : Slow 1100mV 85C Model Setup 'u0|pll_sys|altera_pll_i|general[3].gpll~PLL_OUTPUT_COUNTER|divclk'
Slack : 7.381
TNS   : 0.000

Type  : Slow 1100mV 85C Model Setup 'altera_reserved_tck'
Slack : 11.756
TNS   : 0.000

Type  : Slow 1100mV 85C Model Setup 'u0|pll_sys|altera_pll_i|general[4].gpll~PLL_OUTPUT_COUNTER|divclk'
Slack : 19.722
TNS   : 0.000

Type  : Slow 1100mV 85C Model Setup 'clock_27_0'
Slack : 28.770
TNS   : 0.000

Type  : Slow 1100mV 85C Model Hold 'altera_reserved_tck'
Slack : 0.134
TNS   : 0.000

Type  : Slow 1100mV 85C Model Hold 'DE1_SoC_QSYS:u0|DE1_SoC_QSYS_hps_0:hps_0|DE1_SoC_QSYS_hps_0_hps_io:hps_io|DE1_SoC_QSYS_hps_0_hps_io_border:border|hps_sdram:hps_sdram_inst|hps_sdram_pll:pll|afi_clk_write_clk'
Slack : 0.143
TNS   : 0.000

Type  : Slow 1100mV 85C Model Hold 'u0|pll_sys|altera_pll_i|general[0].gpll~PLL_OUTPUT_COUNTER|divclk'
Slack : 0.174
TNS   : 0.000

Type  : Slow 1100mV 85C Model Hold 'u1|audio_pll_0|audio_pll|altera_pll_i|general[0].gpll~PLL_OUTPUT_COUNTER|divclk'
Slack : 0.243
TNS   : 0.000

Type  : Slow 1100mV 85C Model Hold 'clock_50_0'
Slack : 0.250
TNS   : 0.000

Type  : Slow 1100mV 85C Model Hold 'u0|pll_sys|altera_pll_i|general[2].gpll~PLL_OUTPUT_COUNTER|divclk'
Slack : 0.268
TNS   : 0.000

Type  : Slow 1100mV 85C Model Hold 'u0|pll_sys|altera_pll_i|general[4].gpll~PLL_OUTPUT_COUNTER|divclk'
Slack : 0.292
TNS   : 0.000

Type  : Slow 1100mV 85C Model Hold 'u0|pll_audio|altera_pll_i|general[0].gpll~PLL_OUTPUT_COUNTER|divclk'
Slack : 0.295
TNS   : 0.000

Type  : Slow 1100mV 85C Model Hold 'u0|pll_sys|altera_pll_i|general[3].gpll~PLL_OUTPUT_COUNTER|divclk'
Slack : 0.323
TNS   : 0.000

Type  : Slow 1100mV 85C Model Hold 'clock_27_0'
Slack : 0.368
TNS   : 0.000

Type  : Slow 1100mV 85C Model Recovery 'u0|pll_audio|altera_pll_i|general[0].gpll~PLL_OUTPUT_COUNTER|divclk'
Slack : -8.953
TNS   : -410.082

Type  : Slow 1100mV 85C Model Recovery 'clock_27_0'
Slack : -7.062
TNS   : -14.109

Type  : Slow 1100mV 85C Model Recovery 'clock_50_0'
Slack : -6.800
TNS   : -503.437

Type  : Slow 1100mV 85C Model Recovery 'u0|pll_sys|altera_pll_i|general[0].gpll~PLL_OUTPUT_COUNTER|divclk'
Slack : -3.792
TNS   : -622.084

Type  : Slow 1100mV 85C Model Recovery 'u0|pll_sys|altera_pll_i|general[3].gpll~PLL_OUTPUT_COUNTER|divclk'
Slack : -0.371
TNS   : -1.098

Type  : Slow 1100mV 85C Model Recovery 'DE1_SoC_QSYS:u0|DE1_SoC_QSYS_hps_0:hps_0|DE1_SoC_QSYS_hps_0_hps_io:hps_io|DE1_SoC_QSYS_hps_0_hps_io_border:border|hps_sdram:hps_sdram_inst|hps_sdram_pll:pll|afi_clk_write_clk'
Slack : 3.375
TNS   : 0.000

Type  : Slow 1100mV 85C Model Recovery 'altera_reserved_tck'
Slack : 13.732
TNS   : 0.000

Type  : Slow 1100mV 85C Model Recovery 'u0|pll_sys|altera_pll_i|general[4].gpll~PLL_OUTPUT_COUNTER|divclk'
Slack : 22.375
TNS   : 0.000

Type  : Slow 1100mV 85C Model Recovery 'u0|pll_sys|altera_pll_i|general[2].gpll~PLL_OUTPUT_COUNTER|divclk'
Slack : 94.255
TNS   : 0.000

Type  : Slow 1100mV 85C Model Removal 'DE1_SoC_QSYS:u0|DE1_SoC_QSYS_hps_0:hps_0|DE1_SoC_QSYS_hps_0_hps_io:hps_io|DE1_SoC_QSYS_hps_0_hps_io_border:border|hps_sdram:hps_sdram_inst|hps_sdram_pll:pll|afi_clk_write_clk'
Slack : 0.470
TNS   : 0.000

Type  : Slow 1100mV 85C Model Removal 'u0|pll_sys|altera_pll_i|general[0].gpll~PLL_OUTPUT_COUNTER|divclk'
Slack : 0.509
TNS   : 0.000

Type  : Slow 1100mV 85C Model Removal 'clock_50_0'
Slack : 0.554
TNS   : 0.000

Type  : Slow 1100mV 85C Model Removal 'clock_27_0'
Slack : 0.572
TNS   : 0.000

Type  : Slow 1100mV 85C Model Removal 'u0|pll_sys|altera_pll_i|general[3].gpll~PLL_OUTPUT_COUNTER|divclk'
Slack : 0.627
TNS   : 0.000

Type  : Slow 1100mV 85C Model Removal 'altera_reserved_tck'
Slack : 0.711
TNS   : 0.000

Type  : Slow 1100mV 85C Model Removal 'u0|pll_sys|altera_pll_i|general[4].gpll~PLL_OUTPUT_COUNTER|divclk'
Slack : 0.737
TNS   : 0.000

Type  : Slow 1100mV 85C Model Removal 'u0|pll_sys|altera_pll_i|general[2].gpll~PLL_OUTPUT_COUNTER|divclk'
Slack : 0.817
TNS   : 0.000

Type  : Slow 1100mV 85C Model Removal 'u0|pll_audio|altera_pll_i|general[0].gpll~PLL_OUTPUT_COUNTER|divclk'
Slack : 1.371
TNS   : 0.000

Type  : Slow 1100mV 85C Model Minimum Pulse Width 'DE1_SoC_QSYS:u0|DE1_SoC_QSYS_hps_0:hps_0|DE1_SoC_QSYS_hps_0_hps_io:hps_io|DE1_SoC_QSYS_hps_0_hps_io_border:border|hps_sdram:hps_sdram_inst|hps_sdram_pll:pll|pll_write_clk_dq_write_clk'
Slack : 0.608
TNS   : 0.000

Type  : Slow 1100mV 85C Model Minimum Pulse Width 'DE1_SoC_QSYS:u0|DE1_SoC_QSYS_hps_0:hps_0|DE1_SoC_QSYS_hps_0_hps_io:hps_io|DE1_SoC_QSYS_hps_0_hps_io_border:border|hps_sdram:hps_sdram_inst|hps_sdram_pll:pll|afi_clk_write_clk'
Slack : 0.623
TNS   : 0.000

Type  : Slow 1100mV 85C Model Minimum Pulse Width 'u1|audio_pll_0|audio_pll|altera_pll_i|general[0].gpll~FRACTIONAL_PLL|vcoph[0]'
Slack : 0.689
TNS   : 0.000

Type  : Slow 1100mV 85C Model Minimum Pulse Width 'u0|pll_sys|altera_pll_i|general[0].gpll~FRACTIONAL_PLL|vcoph[0]'
Slack : 0.961
TNS   : 0.000

Type  : Slow 1100mV 85C Model Minimum Pulse Width 'u0|pll_audio|altera_pll_i|general[0].gpll~FRACTIONAL_PLL|vcoph[0]'
Slack : 1.233
TNS   : 0.000

Type  : Slow 1100mV 85C Model Minimum Pulse Width 'u0|pll_sys|altera_pll_i|general[0].gpll~PLL_OUTPUT_COUNTER|divclk'
Slack : 2.600
TNS   : 0.000

Type  : Slow 1100mV 85C Model Minimum Pulse Width 'u0|pll_sys|altera_pll_i|general[3].gpll~PLL_OUTPUT_COUNTER|divclk'
Slack : 6.455
TNS   : 0.000

Type  : Slow 1100mV 85C Model Minimum Pulse Width 'clock_50_0'
Slack : 8.921
TNS   : 0.000

Type  : Slow 1100mV 85C Model Minimum Pulse Width 'u0|pll_sys|altera_pll_i|general[4].gpll~PLL_OUTPUT_COUNTER|divclk'
Slack : 11.261
TNS   : 0.000

Type  : Slow 1100mV 85C Model Minimum Pulse Width 'altera_reserved_tck'
Slack : 15.558
TNS   : 0.000

Type  : Slow 1100mV 85C Model Minimum Pulse Width 'clock_27_0'
Slack : 17.409
TNS   : 0.000

Type  : Slow 1100mV 85C Model Minimum Pulse Width 'u0|pll_audio|altera_pll_i|general[0].gpll~PLL_OUTPUT_COUNTER|divclk'
Slack : 25.902
TNS   : 0.000

Type  : Slow 1100mV 85C Model Minimum Pulse Width 'u1|audio_pll_0|audio_pll|altera_pll_i|general[0].gpll~PLL_OUTPUT_COUNTER|divclk'
Slack : 39.821
TNS   : 0.000

Type  : Slow 1100mV 85C Model Minimum Pulse Width 'u0|pll_sys|altera_pll_i|general[2].gpll~PLL_OUTPUT_COUNTER|divclk'
Slack : 48.783
TNS   : 0.000

Type  : Slow 1100mV 0C Model Setup 'u1|audio_pll_0|audio_pll|altera_pll_i|general[0].gpll~PLL_OUTPUT_COUNTER|divclk'
Slack : -8.875
TNS   : -551.425

Type  : Slow 1100mV 0C Model Setup 'u0|pll_audio|altera_pll_i|general[0].gpll~PLL_OUTPUT_COUNTER|divclk'
Slack : -8.597
TNS   : -232.430

Type  : Slow 1100mV 0C Model Setup 'clock_50_0'
Slack : -5.155
TNS   : -588.897

Type  : Slow 1100mV 0C Model Setup 'u0|pll_sys|altera_pll_i|general[0].gpll~PLL_OUTPUT_COUNTER|divclk'
Slack : 0.775
TNS   : 0.000

Type  : Slow 1100mV 0C Model Setup 'DE1_SoC_QSYS:u0|DE1_SoC_QSYS_hps_0:hps_0|DE1_SoC_QSYS_hps_0_hps_io:hps_io|DE1_SoC_QSYS_hps_0_hps_io_border:border|hps_sdram:hps_sdram_inst|hps_sdram_pll:pll|afi_clk_write_clk'
Slack : 1.727
TNS   : 0.000

Type  : Slow 1100mV 0C Model Setup 'u0|pll_sys|altera_pll_i|general[2].gpll~PLL_OUTPUT_COUNTER|divclk'
Slack : 4.299
TNS   : 0.000

Type  : Slow 1100mV 0C Model Setup 'u0|pll_sys|altera_pll_i|general[3].gpll~PLL_OUTPUT_COUNTER|divclk'
Slack : 7.443
TNS   : 0.000

Type  : Slow 1100mV 0C Model Setup 'altera_reserved_tck'
Slack : 11.894
TNS   : 0.000

Type  : Slow 1100mV 0C Model Setup 'u0|pll_sys|altera_pll_i|general[4].gpll~PLL_OUTPUT_COUNTER|divclk'
Slack : 19.650
TNS   : 0.000

Type  : Slow 1100mV 0C Model Setup 'clock_27_0'
Slack : 29.025
TNS   : 0.000

Type  : Slow 1100mV 0C Model Hold 'altera_reserved_tck'
Slack : 0.119
TNS   : 0.000

Type  : Slow 1100mV 0C Model Hold 'u0|pll_sys|altera_pll_i|general[0].gpll~PLL_OUTPUT_COUNTER|divclk'
Slack : 0.120
TNS   : 0.000

Type  : Slow 1100mV 0C Model Hold 'DE1_SoC_QSYS:u0|DE1_SoC_QSYS_hps_0:hps_0|DE1_SoC_QSYS_hps_0_hps_io:hps_io|DE1_SoC_QSYS_hps_0_hps_io_border:border|hps_sdram:hps_sdram_inst|hps_sdram_pll:pll|afi_clk_write_clk'
Slack : 0.162
TNS   : 0.000

Type  : Slow 1100mV 0C Model Hold 'u1|audio_pll_0|audio_pll|altera_pll_i|general[0].gpll~PLL_OUTPUT_COUNTER|divclk'
Slack : 0.218
TNS   : 0.000

Type  : Slow 1100mV 0C Model Hold 'clock_50_0'
Slack : 0.225
TNS   : 0.000

Type  : Slow 1100mV 0C Model Hold 'u0|pll_sys|altera_pll_i|general[2].gpll~PLL_OUTPUT_COUNTER|divclk'
Slack : 0.233
TNS   : 0.000

Type  : Slow 1100mV 0C Model Hold 'u0|pll_sys|altera_pll_i|general[4].gpll~PLL_OUTPUT_COUNTER|divclk'
Slack : 0.278
TNS   : 0.000

Type  : Slow 1100mV 0C Model Hold 'u0|pll_audio|altera_pll_i|general[0].gpll~PLL_OUTPUT_COUNTER|divclk'
Slack : 0.281
TNS   : 0.000

Type  : Slow 1100mV 0C Model Hold 'u0|pll_sys|altera_pll_i|general[3].gpll~PLL_OUTPUT_COUNTER|divclk'
Slack : 0.307
TNS   : 0.000

Type  : Slow 1100mV 0C Model Hold 'clock_27_0'
Slack : 0.340
TNS   : 0.000

Type  : Slow 1100mV 0C Model Recovery 'u0|pll_audio|altera_pll_i|general[0].gpll~PLL_OUTPUT_COUNTER|divclk'
Slack : -8.711
TNS   : -403.910

Type  : Slow 1100mV 0C Model Recovery 'clock_27_0'
Slack : -6.789
TNS   : -13.564

Type  : Slow 1100mV 0C Model Recovery 'clock_50_0'
Slack : -6.342
TNS   : -469.826

Type  : Slow 1100mV 0C Model Recovery 'u0|pll_sys|altera_pll_i|general[0].gpll~PLL_OUTPUT_COUNTER|divclk'
Slack : -3.808
TNS   : -221.350

Type  : Slow 1100mV 0C Model Recovery 'u0|pll_sys|altera_pll_i|general[3].gpll~PLL_OUTPUT_COUNTER|divclk'
Slack : -0.157
TNS   : -0.455

Type  : Slow 1100mV 0C Model Recovery 'DE1_SoC_QSYS:u0|DE1_SoC_QSYS_hps_0:hps_0|DE1_SoC_QSYS_hps_0_hps_io:hps_io|DE1_SoC_QSYS_hps_0_hps_io_border:border|hps_sdram:hps_sdram_inst|hps_sdram_pll:pll|afi_clk_write_clk'
Slack : 3.468
TNS   : 0.000

Type  : Slow 1100mV 0C Model Recovery 'altera_reserved_tck'
Slack : 13.876
TNS   : 0.000

Type  : Slow 1100mV 0C Model Recovery 'u0|pll_sys|altera_pll_i|general[4].gpll~PLL_OUTPUT_COUNTER|divclk'
Slack : 22.490
TNS   : 0.000

Type  : Slow 1100mV 0C Model Recovery 'u0|pll_sys|altera_pll_i|general[2].gpll~PLL_OUTPUT_COUNTER|divclk'
Slack : 94.489
TNS   : 0.000

Type  : Slow 1100mV 0C Model Removal 'u0|pll_sys|altera_pll_i|general[0].gpll~PLL_OUTPUT_COUNTER|divclk'
Slack : 0.438
TNS   : 0.000

Type  : Slow 1100mV 0C Model Removal 'DE1_SoC_QSYS:u0|DE1_SoC_QSYS_hps_0:hps_0|DE1_SoC_QSYS_hps_0_hps_io:hps_io|DE1_SoC_QSYS_hps_0_hps_io_border:border|hps_sdram:hps_sdram_inst|hps_sdram_pll:pll|afi_clk_write_clk'
Slack : 0.460
TNS   : 0.000

Type  : Slow 1100mV 0C Model Removal 'clock_50_0'
Slack : 0.511
TNS   : 0.000

Type  : Slow 1100mV 0C Model Removal 'clock_27_0'
Slack : 0.520
TNS   : 0.000

Type  : Slow 1100mV 0C Model Removal 'u0|pll_sys|altera_pll_i|general[3].gpll~PLL_OUTPUT_COUNTER|divclk'
Slack : 0.565
TNS   : 0.000

Type  : Slow 1100mV 0C Model Removal 'u0|pll_sys|altera_pll_i|general[4].gpll~PLL_OUTPUT_COUNTER|divclk'
Slack : 0.642
TNS   : 0.000

Type  : Slow 1100mV 0C Model Removal 'altera_reserved_tck'
Slack : 0.660
TNS   : 0.000

Type  : Slow 1100mV 0C Model Removal 'u0|pll_sys|altera_pll_i|general[2].gpll~PLL_OUTPUT_COUNTER|divclk'
Slack : 0.764
TNS   : 0.000

Type  : Slow 1100mV 0C Model Removal 'u0|pll_audio|altera_pll_i|general[0].gpll~PLL_OUTPUT_COUNTER|divclk'
Slack : 1.333
TNS   : 0.000

Type  : Slow 1100mV 0C Model Minimum Pulse Width 'DE1_SoC_QSYS:u0|DE1_SoC_QSYS_hps_0:hps_0|DE1_SoC_QSYS_hps_0_hps_io:hps_io|DE1_SoC_QSYS_hps_0_hps_io_border:border|hps_sdram:hps_sdram_inst|hps_sdram_pll:pll|pll_write_clk_dq_write_clk'
Slack : 0.613
TNS   : 0.000

Type  : Slow 1100mV 0C Model Minimum Pulse Width 'DE1_SoC_QSYS:u0|DE1_SoC_QSYS_hps_0:hps_0|DE1_SoC_QSYS_hps_0_hps_io:hps_io|DE1_SoC_QSYS_hps_0_hps_io_border:border|hps_sdram:hps_sdram_inst|hps_sdram_pll:pll|afi_clk_write_clk'
Slack : 0.630
TNS   : 0.000

Type  : Slow 1100mV 0C Model Minimum Pulse Width 'u1|audio_pll_0|audio_pll|altera_pll_i|general[0].gpll~FRACTIONAL_PLL|vcoph[0]'
Slack : 0.689
TNS   : 0.000

Type  : Slow 1100mV 0C Model Minimum Pulse Width 'u0|pll_sys|altera_pll_i|general[0].gpll~FRACTIONAL_PLL|vcoph[0]'
Slack : 0.961
TNS   : 0.000

Type  : Slow 1100mV 0C Model Minimum Pulse Width 'u0|pll_audio|altera_pll_i|general[0].gpll~FRACTIONAL_PLL|vcoph[0]'
Slack : 1.233
TNS   : 0.000

Type  : Slow 1100mV 0C Model Minimum Pulse Width 'u0|pll_sys|altera_pll_i|general[0].gpll~PLL_OUTPUT_COUNTER|divclk'
Slack : 2.584
TNS   : 0.000

Type  : Slow 1100mV 0C Model Minimum Pulse Width 'u0|pll_sys|altera_pll_i|general[3].gpll~PLL_OUTPUT_COUNTER|divclk'
Slack : 6.434
TNS   : 0.000

Type  : Slow 1100mV 0C Model Minimum Pulse Width 'clock_50_0'
Slack : 8.958
TNS   : 0.000

Type  : Slow 1100mV 0C Model Minimum Pulse Width 'u0|pll_sys|altera_pll_i|general[4].gpll~PLL_OUTPUT_COUNTER|divclk'
Slack : 11.243
TNS   : 0.000

Type  : Slow 1100mV 0C Model Minimum Pulse Width 'altera_reserved_tck'
Slack : 15.540
TNS   : 0.000

Type  : Slow 1100mV 0C Model Minimum Pulse Width 'clock_27_0'
Slack : 17.440
TNS   : 0.000

Type  : Slow 1100mV 0C Model Minimum Pulse Width 'u0|pll_audio|altera_pll_i|general[0].gpll~PLL_OUTPUT_COUNTER|divclk'
Slack : 25.870
TNS   : 0.000

Type  : Slow 1100mV 0C Model Minimum Pulse Width 'u1|audio_pll_0|audio_pll|altera_pll_i|general[0].gpll~PLL_OUTPUT_COUNTER|divclk'
Slack : 39.832
TNS   : 0.000

Type  : Slow 1100mV 0C Model Minimum Pulse Width 'u0|pll_sys|altera_pll_i|general[2].gpll~PLL_OUTPUT_COUNTER|divclk'
Slack : 48.763
TNS   : 0.000

Type  : Fast 1100mV 85C Model Setup 'u1|audio_pll_0|audio_pll|altera_pll_i|general[0].gpll~PLL_OUTPUT_COUNTER|divclk'
Slack : -6.920
TNS   : -419.496

Type  : Fast 1100mV 85C Model Setup 'u0|pll_audio|altera_pll_i|general[0].gpll~PLL_OUTPUT_COUNTER|divclk'
Slack : -5.354
TNS   : -144.300

Type  : Fast 1100mV 85C Model Setup 'clock_50_0'
Slack : -2.879
TNS   : -350.685

Type  : Fast 1100mV 85C Model Setup 'DE1_SoC_QSYS:u0|DE1_SoC_QSYS_hps_0:hps_0|DE1_SoC_QSYS_hps_0_hps_io:hps_io|DE1_SoC_QSYS_hps_0_hps_io_border:border|hps_sdram:hps_sdram_inst|hps_sdram_pll:pll|afi_clk_write_clk'
Slack : 2.110
TNS   : 0.000

Type  : Fast 1100mV 85C Model Setup 'u0|pll_sys|altera_pll_i|general[0].gpll~PLL_OUTPUT_COUNTER|divclk'
Slack : 3.417
TNS   : 0.000

Type  : Fast 1100mV 85C Model Setup 'u0|pll_sys|altera_pll_i|general[2].gpll~PLL_OUTPUT_COUNTER|divclk'
Slack : 5.525
TNS   : 0.000

Type  : Fast 1100mV 85C Model Setup 'u0|pll_sys|altera_pll_i|general[3].gpll~PLL_OUTPUT_COUNTER|divclk'
Slack : 10.493
TNS   : 0.000

Type  : Fast 1100mV 85C Model Setup 'altera_reserved_tck'
Slack : 14.129
TNS   : 0.000

Type  : Fast 1100mV 85C Model Setup 'u0|pll_sys|altera_pll_i|general[4].gpll~PLL_OUTPUT_COUNTER|divclk'
Slack : 21.767
TNS   : 0.000

Type  : Fast 1100mV 85C Model Setup 'clock_27_0'
Slack : 31.726
TNS   : 0.000

Type  : Fast 1100mV 85C Model Hold 'altera_reserved_tck'
Slack : 0.037
TNS   : 0.000

Type  : Fast 1100mV 85C Model Hold 'DE1_SoC_QSYS:u0|DE1_SoC_QSYS_hps_0:hps_0|DE1_SoC_QSYS_hps_0_hps_io:hps_io|DE1_SoC_QSYS_hps_0_hps_io_border:border|hps_sdram:hps_sdram_inst|hps_sdram_pll:pll|afi_clk_write_clk'
Slack : 0.084
TNS   : 0.000

Type  : Fast 1100mV 85C Model Hold 'u0|pll_sys|altera_pll_i|general[0].gpll~PLL_OUTPUT_COUNTER|divclk'
Slack : 0.131
TNS   : 0.000

Type  : Fast 1100mV 85C Model Hold 'clock_50_0'
Slack : 0.147
TNS   : 0.000

Type  : Fast 1100mV 85C Model Hold 'u0|pll_sys|altera_pll_i|general[2].gpll~PLL_OUTPUT_COUNTER|divclk'
Slack : 0.147
TNS   : 0.000

Type  : Fast 1100mV 85C Model Hold 'u0|pll_audio|altera_pll_i|general[0].gpll~PLL_OUTPUT_COUNTER|divclk'
Slack : 0.169
TNS   : 0.000

Type  : Fast 1100mV 85C Model Hold 'u0|pll_sys|altera_pll_i|general[4].gpll~PLL_OUTPUT_COUNTER|divclk'
Slack : 0.174
TNS   : 0.000

Type  : Fast 1100mV 85C Model Hold 'u0|pll_sys|altera_pll_i|general[3].gpll~PLL_OUTPUT_COUNTER|divclk'
Slack : 0.178
TNS   : 0.000

Type  : Fast 1100mV 85C Model Hold 'clock_27_0'
Slack : 0.182
TNS   : 0.000

Type  : Fast 1100mV 85C Model Hold 'u1|audio_pll_0|audio_pll|altera_pll_i|general[0].gpll~PLL_OUTPUT_COUNTER|divclk'
Slack : 0.245
TNS   : 0.000

Type  : Fast 1100mV 85C Model Recovery 'u0|pll_audio|altera_pll_i|general[0].gpll~PLL_OUTPUT_COUNTER|divclk'
Slack : -5.715
TNS   : -255.985

Type  : Fast 1100mV 85C Model Recovery 'clock_50_0'
Slack : -4.149
TNS   : -307.617

Type  : Fast 1100mV 85C Model Recovery 'clock_27_0'
Slack : -3.955
TNS   : -7.899

Type  : Fast 1100mV 85C Model Recovery 'u0|pll_sys|altera_pll_i|general[0].gpll~PLL_OUTPUT_COUNTER|divclk'
Slack : -2.319
TNS   : -4.637

Type  : Fast 1100mV 85C Model Recovery 'u0|pll_sys|altera_pll_i|general[3].gpll~PLL_OUTPUT_COUNTER|divclk'
Slack : 2.977
TNS   : 0.000

Type  : Fast 1100mV 85C Model Recovery 'DE1_SoC_QSYS:u0|DE1_SoC_QSYS_hps_0:hps_0|DE1_SoC_QSYS_hps_0_hps_io:hps_io|DE1_SoC_QSYS_hps_0_hps_io_border:border|hps_sdram:hps_sdram_inst|hps_sdram_pll:pll|afi_clk_write_clk'
Slack : 3.727
TNS   : 0.000

Type  : Fast 1100mV 85C Model Recovery 'altera_reserved_tck'
Slack : 15.068
TNS   : 0.000

Type  : Fast 1100mV 85C Model Recovery 'u0|pll_sys|altera_pll_i|general[4].gpll~PLL_OUTPUT_COUNTER|divclk'
Slack : 23.280
TNS   : 0.000

Type  : Fast 1100mV 85C Model Recovery 'u0|pll_sys|altera_pll_i|general[2].gpll~PLL_OUTPUT_COUNTER|divclk'
Slack : 96.075
TNS   : 0.000

Type  : Fast 1100mV 85C Model Removal 'u0|pll_sys|altera_pll_i|general[0].gpll~PLL_OUTPUT_COUNTER|divclk'
Slack : 0.288
TNS   : 0.000

Type  : Fast 1100mV 85C Model Removal 'clock_50_0'
Slack : 0.294
TNS   : 0.000

Type  : Fast 1100mV 85C Model Removal 'clock_27_0'
Slack : 0.306
TNS   : 0.000

Type  : Fast 1100mV 85C Model Removal 'altera_reserved_tck'
Slack : 0.335
TNS   : 0.000

Type  : Fast 1100mV 85C Model Removal 'u0|pll_sys|altera_pll_i|general[3].gpll~PLL_OUTPUT_COUNTER|divclk'
Slack : 0.372
TNS   : 0.000

Type  : Fast 1100mV 85C Model Removal 'DE1_SoC_QSYS:u0|DE1_SoC_QSYS_hps_0:hps_0|DE1_SoC_QSYS_hps_0_hps_io:hps_io|DE1_SoC_QSYS_hps_0_hps_io_border:border|hps_sdram:hps_sdram_inst|hps_sdram_pll:pll|afi_clk_write_clk'
Slack : 0.497
TNS   : 0.000

Type  : Fast 1100mV 85C Model Removal 'u0|pll_sys|altera_pll_i|general[2].gpll~PLL_OUTPUT_COUNTER|divclk'
Slack : 0.500
TNS   : 0.000

Type  : Fast 1100mV 85C Model Removal 'u0|pll_sys|altera_pll_i|general[4].gpll~PLL_OUTPUT_COUNTER|divclk'
Slack : 0.508
TNS   : 0.000

Type  : Fast 1100mV 85C Model Removal 'u0|pll_audio|altera_pll_i|general[0].gpll~PLL_OUTPUT_COUNTER|divclk'
Slack : 0.959
TNS   : 0.000

Type  : Fast 1100mV 85C Model Minimum Pulse Width 'u1|audio_pll_0|audio_pll|altera_pll_i|general[0].gpll~FRACTIONAL_PLL|vcoph[0]'
Slack : 0.689
TNS   : 0.000

Type  : Fast 1100mV 85C Model Minimum Pulse Width 'DE1_SoC_QSYS:u0|DE1_SoC_QSYS_hps_0:hps_0|DE1_SoC_QSYS_hps_0_hps_io:hps_io|DE1_SoC_QSYS_hps_0_hps_io_border:border|hps_sdram:hps_sdram_inst|hps_sdram_pll:pll|pll_write_clk_dq_write_clk'
Slack : 0.883
TNS   : 0.000

Type  : Fast 1100mV 85C Model Minimum Pulse Width 'DE1_SoC_QSYS:u0|DE1_SoC_QSYS_hps_0:hps_0|DE1_SoC_QSYS_hps_0_hps_io:hps_io|DE1_SoC_QSYS_hps_0_hps_io_border:border|hps_sdram:hps_sdram_inst|hps_sdram_pll:pll|afi_clk_write_clk'
Slack : 0.891
TNS   : 0.000

Type  : Fast 1100mV 85C Model Minimum Pulse Width 'u0|pll_sys|altera_pll_i|general[0].gpll~FRACTIONAL_PLL|vcoph[0]'
Slack : 0.961
TNS   : 0.000

Type  : Fast 1100mV 85C Model Minimum Pulse Width 'u0|pll_audio|altera_pll_i|general[0].gpll~FRACTIONAL_PLL|vcoph[0]'
Slack : 1.233
TNS   : 0.000

Type  : Fast 1100mV 85C Model Minimum Pulse Width 'u0|pll_sys|altera_pll_i|general[0].gpll~PLL_OUTPUT_COUNTER|divclk'
Slack : 2.723
TNS   : 0.000

Type  : Fast 1100mV 85C Model Minimum Pulse Width 'u0|pll_sys|altera_pll_i|general[3].gpll~PLL_OUTPUT_COUNTER|divclk'
Slack : 6.575
TNS   : 0.000

Type  : Fast 1100mV 85C Model Minimum Pulse Width 'clock_50_0'
Slack : 8.519
TNS   : 0.000

Type  : Fast 1100mV 85C Model Minimum Pulse Width 'u0|pll_sys|altera_pll_i|general[4].gpll~PLL_OUTPUT_COUNTER|divclk'
Slack : 11.383
TNS   : 0.000

Type  : Fast 1100mV 85C Model Minimum Pulse Width 'altera_reserved_tck'
Slack : 15.451
TNS   : 0.000

Type  : Fast 1100mV 85C Model Minimum Pulse Width 'clock_27_0'
Slack : 17.000
TNS   : 0.000

Type  : Fast 1100mV 85C Model Minimum Pulse Width 'u0|pll_audio|altera_pll_i|general[0].gpll~PLL_OUTPUT_COUNTER|divclk'
Slack : 26.014
TNS   : 0.000

Type  : Fast 1100mV 85C Model Minimum Pulse Width 'u1|audio_pll_0|audio_pll|altera_pll_i|general[0].gpll~PLL_OUTPUT_COUNTER|divclk'
Slack : 40.208
TNS   : 0.000

Type  : Fast 1100mV 85C Model Minimum Pulse Width 'u0|pll_sys|altera_pll_i|general[2].gpll~PLL_OUTPUT_COUNTER|divclk'
Slack : 48.892
TNS   : 0.000

Type  : Fast 1100mV 0C Model Setup 'u1|audio_pll_0|audio_pll|altera_pll_i|general[0].gpll~PLL_OUTPUT_COUNTER|divclk'
Slack : -5.969
TNS   : -358.208

Type  : Fast 1100mV 0C Model Setup 'u0|pll_audio|altera_pll_i|general[0].gpll~PLL_OUTPUT_COUNTER|divclk'
Slack : -5.092
TNS   : -137.215

Type  : Fast 1100mV 0C Model Setup 'clock_50_0'
Slack : -2.724
TNS   : -328.800

Type  : Fast 1100mV 0C Model Setup 'DE1_SoC_QSYS:u0|DE1_SoC_QSYS_hps_0:hps_0|DE1_SoC_QSYS_hps_0_hps_io:hps_io|DE1_SoC_QSYS_hps_0_hps_io_border:border|hps_sdram:hps_sdram_inst|hps_sdram_pll:pll|afi_clk_write_clk'
Slack : 2.110
TNS   : 0.000

Type  : Fast 1100mV 0C Model Setup 'u0|pll_sys|altera_pll_i|general[0].gpll~PLL_OUTPUT_COUNTER|divclk'
Slack : 3.829
TNS   : 0.000

Type  : Fast 1100mV 0C Model Setup 'u0|pll_sys|altera_pll_i|general[2].gpll~PLL_OUTPUT_COUNTER|divclk'
Slack : 5.779
TNS   : 0.000

Type  : Fast 1100mV 0C Model Setup 'u0|pll_sys|altera_pll_i|general[3].gpll~PLL_OUTPUT_COUNTER|divclk'
Slack : 10.910
TNS   : 0.000

Type  : Fast 1100mV 0C Model Setup 'altera_reserved_tck'
Slack : 14.478
TNS   : 0.000

Type  : Fast 1100mV 0C Model Setup 'u0|pll_sys|altera_pll_i|general[4].gpll~PLL_OUTPUT_COUNTER|divclk'
Slack : 21.998
TNS   : 0.000

Type  : Fast 1100mV 0C Model Setup 'clock_27_0'
Slack : 32.305
TNS   : 0.000

Type  : Fast 1100mV 0C Model Hold 'altera_reserved_tck'
Slack : 0.024
TNS   : 0.000

Type  : Fast 1100mV 0C Model Hold 'DE1_SoC_QSYS:u0|DE1_SoC_QSYS_hps_0:hps_0|DE1_SoC_QSYS_hps_0_hps_io:hps_io|DE1_SoC_QSYS_hps_0_hps_io_border:border|hps_sdram:hps_sdram_inst|hps_sdram_pll:pll|afi_clk_write_clk'
Slack : 0.077
TNS   : 0.000

Type  : Fast 1100mV 0C Model Hold 'u0|pll_sys|altera_pll_i|general[0].gpll~PLL_OUTPUT_COUNTER|divclk'
Slack : 0.087
TNS   : 0.000

Type  : Fast 1100mV 0C Model Hold 'clock_50_0'
Slack : 0.133
TNS   : 0.000

Type  : Fast 1100mV 0C Model Hold 'u0|pll_sys|altera_pll_i|general[2].gpll~PLL_OUTPUT_COUNTER|divclk'
Slack : 0.138
TNS   : 0.000

Type  : Fast 1100mV 0C Model Hold 'u0|pll_audio|altera_pll_i|general[0].gpll~PLL_OUTPUT_COUNTER|divclk'
Slack : 0.157
TNS   : 0.000

Type  : Fast 1100mV 0C Model Hold 'u0|pll_sys|altera_pll_i|general[4].gpll~PLL_OUTPUT_COUNTER|divclk'
Slack : 0.161
TNS   : 0.000

Type  : Fast 1100mV 0C Model Hold 'u0|pll_sys|altera_pll_i|general[3].gpll~PLL_OUTPUT_COUNTER|divclk'
Slack : 0.167
TNS   : 0.000

Type  : Fast 1100mV 0C Model Hold 'clock_27_0'
Slack : 0.171
TNS   : 0.000

Type  : Fast 1100mV 0C Model Hold 'u1|audio_pll_0|audio_pll|altera_pll_i|general[0].gpll~PLL_OUTPUT_COUNTER|divclk'
Slack : 0.237
TNS   : 0.000

Type  : Fast 1100mV 0C Model Recovery 'u0|pll_audio|altera_pll_i|general[0].gpll~PLL_OUTPUT_COUNTER|divclk'
Slack : -5.283
TNS   : -244.872

Type  : Fast 1100mV 0C Model Recovery 'clock_27_0'
Slack : -3.690
TNS   : -7.371

Type  : Fast 1100mV 0C Model Recovery 'clock_50_0'
Slack : -3.552
TNS   : -263.353

Type  : Fast 1100mV 0C Model Recovery 'u0|pll_sys|altera_pll_i|general[0].gpll~PLL_OUTPUT_COUNTER|divclk'
Slack : -2.274
TNS   : -4.547

Type  : Fast 1100mV 0C Model Recovery 'u0|pll_sys|altera_pll_i|general[3].gpll~PLL_OUTPUT_COUNTER|divclk'
Slack : 3.244
TNS   : 0.000

Type  : Fast 1100mV 0C Model Recovery 'DE1_SoC_QSYS:u0|DE1_SoC_QSYS_hps_0:hps_0|DE1_SoC_QSYS_hps_0_hps_io:hps_io|DE1_SoC_QSYS_hps_0_hps_io_border:border|hps_sdram:hps_sdram_inst|hps_sdram_pll:pll|afi_clk_write_clk'
Slack : 3.825
TNS   : 0.000

Type  : Fast 1100mV 0C Model Recovery 'altera_reserved_tck'
Slack : 15.371
TNS   : 0.000

Type  : Fast 1100mV 0C Model Recovery 'u0|pll_sys|altera_pll_i|general[4].gpll~PLL_OUTPUT_COUNTER|divclk'
Slack : 23.471
TNS   : 0.000

Type  : Fast 1100mV 0C Model Recovery 'u0|pll_sys|altera_pll_i|general[2].gpll~PLL_OUTPUT_COUNTER|divclk'
Slack : 96.550
TNS   : 0.000

Type  : Fast 1100mV 0C Model Removal 'u0|pll_sys|altera_pll_i|general[0].gpll~PLL_OUTPUT_COUNTER|divclk'
Slack : 0.230
TNS   : 0.000

Type  : Fast 1100mV 0C Model Removal 'clock_50_0'
Slack : 0.267
TNS   : 0.000

Type  : Fast 1100mV 0C Model Removal 'clock_27_0'
Slack : 0.277
TNS   : 0.000

Type  : Fast 1100mV 0C Model Removal 'altera_reserved_tck'
Slack : 0.284
TNS   : 0.000

Type  : Fast 1100mV 0C Model Removal 'u0|pll_sys|altera_pll_i|general[3].gpll~PLL_OUTPUT_COUNTER|divclk'
Slack : 0.305
TNS   : 0.000

Type  : Fast 1100mV 0C Model Removal 'u0|pll_sys|altera_pll_i|general[4].gpll~PLL_OUTPUT_COUNTER|divclk'
Slack : 0.414
TNS   : 0.000

Type  : Fast 1100mV 0C Model Removal 'u0|pll_sys|altera_pll_i|general[2].gpll~PLL_OUTPUT_COUNTER|divclk'
Slack : 0.447
TNS   : 0.000

Type  : Fast 1100mV 0C Model Removal 'DE1_SoC_QSYS:u0|DE1_SoC_QSYS_hps_0:hps_0|DE1_SoC_QSYS_hps_0_hps_io:hps_io|DE1_SoC_QSYS_hps_0_hps_io_border:border|hps_sdram:hps_sdram_inst|hps_sdram_pll:pll|afi_clk_write_clk'
Slack : 0.473
TNS   : 0.000

Type  : Fast 1100mV 0C Model Removal 'u0|pll_audio|altera_pll_i|general[0].gpll~PLL_OUTPUT_COUNTER|divclk'
Slack : 0.886
TNS   : 0.000

Type  : Fast 1100mV 0C Model Minimum Pulse Width 'u1|audio_pll_0|audio_pll|altera_pll_i|general[0].gpll~FRACTIONAL_PLL|vcoph[0]'
Slack : 0.689
TNS   : 0.000

Type  : Fast 1100mV 0C Model Minimum Pulse Width 'DE1_SoC_QSYS:u0|DE1_SoC_QSYS_hps_0:hps_0|DE1_SoC_QSYS_hps_0_hps_io:hps_io|DE1_SoC_QSYS_hps_0_hps_io_border:border|hps_sdram:hps_sdram_inst|hps_sdram_pll:pll|pll_write_clk_dq_write_clk'
Slack : 0.887
TNS   : 0.000

Type  : Fast 1100mV 0C Model Minimum Pulse Width 'DE1_SoC_QSYS:u0|DE1_SoC_QSYS_hps_0:hps_0|DE1_SoC_QSYS_hps_0_hps_io:hps_io|DE1_SoC_QSYS_hps_0_hps_io_border:border|hps_sdram:hps_sdram_inst|hps_sdram_pll:pll|afi_clk_write_clk'
Slack : 0.894
TNS   : 0.000

Type  : Fast 1100mV 0C Model Minimum Pulse Width 'u0|pll_sys|altera_pll_i|general[0].gpll~FRACTIONAL_PLL|vcoph[0]'
Slack : 0.961
TNS   : 0.000

Type  : Fast 1100mV 0C Model Minimum Pulse Width 'u0|pll_audio|altera_pll_i|general[0].gpll~FRACTIONAL_PLL|vcoph[0]'
Slack : 1.233
TNS   : 0.000

Type  : Fast 1100mV 0C Model Minimum Pulse Width 'u0|pll_sys|altera_pll_i|general[0].gpll~PLL_OUTPUT_COUNTER|divclk'
Slack : 2.727
TNS   : 0.000

Type  : Fast 1100mV 0C Model Minimum Pulse Width 'u0|pll_sys|altera_pll_i|general[3].gpll~PLL_OUTPUT_COUNTER|divclk'
Slack : 6.576
TNS   : 0.000

Type  : Fast 1100mV 0C Model Minimum Pulse Width 'clock_50_0'
Slack : 8.472
TNS   : 0.000

Type  : Fast 1100mV 0C Model Minimum Pulse Width 'u0|pll_sys|altera_pll_i|general[4].gpll~PLL_OUTPUT_COUNTER|divclk'
Slack : 11.383
TNS   : 0.000

Type  : Fast 1100mV 0C Model Minimum Pulse Width 'altera_reserved_tck'
Slack : 15.435
TNS   : 0.000

Type  : Fast 1100mV 0C Model Minimum Pulse Width 'clock_27_0'
Slack : 16.955
TNS   : 0.000

Type  : Fast 1100mV 0C Model Minimum Pulse Width 'u0|pll_audio|altera_pll_i|general[0].gpll~PLL_OUTPUT_COUNTER|divclk'
Slack : 26.015
TNS   : 0.000

Type  : Fast 1100mV 0C Model Minimum Pulse Width 'u1|audio_pll_0|audio_pll|altera_pll_i|general[0].gpll~PLL_OUTPUT_COUNTER|divclk'
Slack : 40.214
TNS   : 0.000

Type  : Fast 1100mV 0C Model Minimum Pulse Width 'u0|pll_sys|altera_pll_i|general[2].gpll~PLL_OUTPUT_COUNTER|divclk'
Slack : 48.891
TNS   : 0.000

------------------------------------------------------------
Info: see the "DDR report" for DDR timing results
------------------------------------------------------------
------------------------------------------------------------
